The push refers to repository [docker.io/striiiiiing/workflowweave-backend]
7fd1ebe418b5: Waiting
047038090d57: Waiting
f9d2fb07d6f0: Waiting
4b3e845476d7: Waiting
45b075872e95: Waiting
86a9e13e035d: Waiting
4b9e9a02fe38: Waiting
ca3b9b93ed68: Waiting
6e0ba8ba0487: Waiting
047038090d57: Waiting
f9d2fb07d6f0: Waiting
4b3e845476d7: Waiting
45b075872e95: Waiting
86a9e13e035d: Waiting
4b9e9a02fe38: Waiting
ca3b9b93ed68: Waiting
6e0ba8ba0487: Waiting
7fd1ebe418b5: Waiting
4b9e9a02fe38: Waiting
ca3b9b93ed68: Waiting
6e0ba8ba0487: Waiting
7fd1ebe418b5: Waiting
047038090d57: Waiting
f9d2fb07d6f0: Waiting
4b3e845476d7: Waiting
45b075872e95: Waiting
86a9e13e035d: Waiting
047038090d57: Waiting
f9d2fb07d6f0: Waiting
4b3e845476d7: Waiting
45b075872e95: Waiting
86a9e13e035d: Waiting
4b9e9a02fe38: Waiting
ca3b9b93ed68: Waiting
6e0ba8ba0487: Waiting
7fd1ebe418b5: Waiting
047038090d57: Waiting
f9d2fb07d6f0: Waiting
4b3e845476d7: Waiting
45b075872e95: Waiting
86a9e13e035d: Waiting
4b9e9a02fe38: Waiting
ca3b9b93ed68: Waiting
6e0ba8ba0487: Waiting
7fd1ebe418b5: Waiting
4b9e9a02fe38: Waiting
ca3b9b93ed68: Waiting
6e0ba8ba0487: Waiting
7fd1ebe418b5: Waiting
047038090d57: Waiting
f9d2fb07d6f0: Waiting
4b3e845476d7: Waiting
45b075872e95: Waiting
86a9e13e035d: Waiting
047038090d57: Waiting
f9d2fb07d6f0: Waiting
4b3e845476d7: Waiting
45b075872e95: Waiting
86a9e13e035d: Waiting
4b9e9a02fe38: Waiting
ca3b9b93ed68: Waiting
6e0ba8ba0487: Waiting
7fd1ebe418b5: Waiting
7fd1ebe418b5: Waiting
047038090d57: Waiting
f9d2fb07d6f0: Waiting
4b3e845476d7: Waiting
45b075872e95: Waiting
86a9e13e035d: Waiting
4b9e9a02fe38: Waiting
ca3b9b93ed68: Waiting
6e0ba8ba0487: Waiting
4b9e9a02fe38: Waiting
ca3b9b93ed68: Waiting
6e0ba8ba0487: Waiting
7fd1ebe418b5: Waiting
047038090d57: Waiting
f9d2fb07d6f0: Waiting
4b3e845476d7: Waiting
45b075872e95: Waiting
86a9e13e035d: Waiting
047038090d57: Waiting
f9d2fb07d6f0: Waiting
4b3e845476d7: Waiting
45b075872e95: Waiting
86a9e13e035d: Waiting
4b9e9a02fe38: Waiting
ca3b9b93ed68: Waiting
6e0ba8ba0487: Waiting
7fd1ebe418b5: Waiting
86a9e13e035d: Waiting
4b9e9a02fe38: Waiting
ca3b9b93ed68: Waiting
6e0ba8ba0487: Waiting
7fd1ebe418b5: Waiting
047038090d57: Waiting
f9d2fb07d6f0: Waiting
4b3e845476d7: Waiting
45b075872e95: Waiting
047038090d57: Waiting
f9d2fb07d6f0: Waiting
4b3e845476d7: Waiting
45b075872e95: Waiting
86a9e13e035d: Waiting
4b9e9a02fe38: Waiting
ca3b9b93ed68: Waiting
6e0ba8ba0487: Waiting
7fd1ebe418b5: Waiting
f9d2fb07d6f0: Waiting
4b3e845476d7: Waiting
45b075872e95: Waiting
86a9e13e035d: Waiting
4b9e9a02fe38: Waiting
ca3b9b93ed68: Waiting
6e0ba8ba0487: Waiting
7fd1ebe418b5: Waiting
047038090d57: Waiting
047038090d57: Waiting
f9d2fb07d6f0: Waiting
4b3e845476d7: Waiting
45b075872e95: Waiting
86a9e13e035d: Waiting
4b9e9a02fe38: Waiting
ca3b9b93ed68: Waiting
6e0ba8ba0487: Waiting
7fd1ebe418b5: Waiting
4b3e845476d7: Waiting
45b075872e95: Waiting
86a9e13e035d: Waiting
4b9e9a02fe38: Waiting
ca3b9b93ed68: Waiting
6e0ba8ba0487: Waiting
7fd1ebe418b5: Waiting
047038090d57: Waiting
f9d2fb07d6f0: Waiting
4b9e9a02fe38: Waiting
ca3b9b93ed68: Waiting
6e0ba8ba0487: Waiting
7fd1ebe418b5: Waiting
047038090d57: Waiting
f9d2fb07d6f0: Waiting
4b3e845476d7: Waiting
45b075872e95: Waiting
86a9e13e035d: Waiting
4b9e9a02fe38: Waiting
ca3b9b93ed68: Waiting
6e0ba8ba0487: Waiting
7fd1ebe418b5: Waiting
047038090d57: Waiting
f9d2fb07d6f0: Waiting
4b3e845476d7: Waiting
45b075872e95: Waiting
86a9e13e035d: Waiting
047038090d57: Waiting
f9d2fb07d6f0: Waiting
4b3e845476d7: Waiting
45b075872e95: Waiting
86a9e13e035d: Waiting
4b9e9a02fe38: Waiting
ca3b9b93ed68: Waiting
6e0ba8ba0487: Waiting
7fd1ebe418b5: Waiting
4b9e9a02fe38: Waiting
ca3b9b93ed68: Waiting
6e0ba8ba0487: Waiting
7fd1ebe418b5: Waiting
047038090d57: Waiting
f9d2fb07d6f0: Waiting
4b3e845476d7: Waiting
45b075872e95: Waiting
86a9e13e035d: Waiting
047038090d57: Waiting
f9d2fb07d6f0: Waiting
4b3e845476d7: Waiting
45b075872e95: Waiting
86a9e13e035d: Waiting
4b9e9a02fe38: Waiting
ca3b9b93ed68: Waiting
6e0ba8ba0487: Waiting
7fd1ebe418b5: Waiting
047038090d57: Waiting
f9d2fb07d6f0: Waiting
4b3e845476d7: Waiting
45b075872e95: Waiting
86a9e13e035d: Waiting
4b9e9a02fe38: Waiting
ca3b9b93ed68: Waiting
6e0ba8ba0487: Waiting
7fd1ebe418b5: Waiting
047038090d57: Waiting
f9d2fb07d6f0: Layer already exists
4b3e845476d7: Layer already exists
45b075872e95: Waiting
86a9e13e035d: Waiting
4b9e9a02fe38: Waiting
ca3b9b93ed68: Waiting
6e0ba8ba0487: Waiting
7fd1ebe418b5: Waiting
047038090d57: Waiting
45b075872e95: Waiting
86a9e13e035d: Waiting
4b9e9a02fe38: Waiting
ca3b9b93ed68: Waiting
6e0ba8ba0487: Waiting
7fd1ebe418b5: Waiting
4b9e9a02fe38: Waiting
ca3b9b93ed68: Waiting
6e0ba8ba0487: Waiting
7fd1ebe418b5: Waiting
45b075872e95: Waiting
86a9e13e035d: Waiting
6e0ba8ba0487: Waiting
7fd1ebe418b5: Waiting
45b075872e95: Waiting
86a9e13e035d: Waiting
4b9e9a02fe38: Waiting
ca3b9b93ed68: Waiting
45b075872e95: Waiting
86a9e13e035d: Waiting
ca3b9b93ed68: Waiting
6e0ba8ba0487: Waiting
7fd1ebe418b5: Waiting
45b075872e95: Waiting
86a9e13e035d: Waiting
ca3b9b93ed68: Waiting
6e0ba8ba0487: Waiting
7fd1ebe418b5: Waiting
45b075872e95: Waiting
86a9e13e035d: Waiting
ca3b9b93ed68: Waiting
6e0ba8ba0487: Waiting
7fd1ebe418b5: Waiting
45b075872e95: Waiting
86a9e13e035d: Waiting
ca3b9b93ed68: Waiting
6e0ba8ba0487: Waiting
7fd1ebe418b5: Waiting
45b075872e95: Waiting
86a9e13e035d: Waiting
6e0ba8ba0487: Waiting
45b075872e95: Waiting
86a9e13e035d: Waiting
86a9e13e035d: Waiting
86a9e13e035d: Waiting
4b9e9a02fe38: Pushed
6e0ba8ba0487: Pushed
86a9e13e035d: Pushed
047038090d57: Pushed
7fd1ebe418b5: Pushed
ca3b9b93ed68: Pushed
45b075872e95: Pushed
runtime-20261007T190805Z: digest: sha256:0f12dff0a2e7ceaa93077c8c2b232128cd043f5dd37f5eb396a7acd717e91923 size: 2084
The push refers to repository [docker.io/striiiiiing/workflowweave-backend]
86a9e13e035d: Waiting
4b9e9a02fe38: Waiting
7fd1ebe418b5: Waiting
047038090d57: Waiting
f9d2fb07d6f0: Waiting
4b3e845476d7: Waiting
45b075872e95: Waiting
ca3b9b93ed68: Waiting
6e0ba8ba0487: Waiting
ca3b9b93ed68: Waiting
6e0ba8ba0487: Waiting
86a9e13e035d: Waiting
4b9e9a02fe38: Waiting
7fd1ebe418b5: Waiting
047038090d57: Waiting
f9d2fb07d6f0: Waiting
4b3e845476d7: Waiting
45b075872e95: Waiting
047038090d57: Waiting
f9d2fb07d6f0: Waiting
4b3e845476d7: Waiting
45b075872e95: Waiting
ca3b9b93ed68: Waiting
6e0ba8ba0487: Waiting
86a9e13e035d: Waiting
4b9e9a02fe38: Waiting
7fd1ebe418b5: Waiting
047038090d57: Waiting
f9d2fb07d6f0: Waiting
4b3e845476d7: Waiting
45b075872e95: Waiting
ca3b9b93ed68: Waiting
6e0ba8ba0487: Waiting
86a9e13e035d: Waiting
4b9e9a02fe38: Waiting
7fd1ebe418b5: Waiting
86a9e13e035d: Waiting
4b9e9a02fe38: Waiting
7fd1ebe418b5: Waiting
047038090d57: Waiting
f9d2fb07d6f0: Waiting
4b3e845476d7: Waiting
45b075872e95: Waiting
ca3b9b93ed68: Waiting
6e0ba8ba0487: Waiting
f9d2fb07d6f0: Waiting
4b3e845476d7: Waiting
45b075872e95: Waiting
ca3b9b93ed68: Waiting
6e0ba8ba0487: Waiting
86a9e13e035d: Waiting
4b9e9a02fe38: Waiting
7fd1ebe418b5: Waiting
047038090d57: Waiting
047038090d57: Waiting
f9d2fb07d6f0: Waiting
4b3e845476d7: Waiting
45b075872e95: Waiting
ca3b9b93ed68: Waiting
6e0ba8ba0487: Waiting
86a9e13e035d: Waiting
4b9e9a02fe38: Waiting
7fd1ebe418b5: Waiting
047038090d57: Waiting
f9d2fb07d6f0: Waiting
4b3e845476d7: Waiting
45b075872e95: Waiting
ca3b9b93ed68: Waiting
6e0ba8ba0487: Waiting
86a9e13e035d: Waiting
4b9e9a02fe38: Waiting
7fd1ebe418b5: Waiting
86a9e13e035d: Waiting
4b9e9a02fe38: Waiting
7fd1ebe418b5: Waiting
047038090d57: Waiting
f9d2fb07d6f0: Waiting
4b3e845476d7: Waiting
45b075872e95: Waiting
ca3b9b93ed68: Waiting
6e0ba8ba0487: Waiting
047038090d57: Waiting
f9d2fb07d6f0: Waiting
4b3e845476d7: Waiting
45b075872e95: Waiting
ca3b9b93ed68: Waiting
6e0ba8ba0487: Waiting
86a9e13e035d: Waiting
4b9e9a02fe38: Waiting
7fd1ebe418b5: Waiting
45b075872e95: Waiting
ca3b9b93ed68: Waiting
6e0ba8ba0487: Waiting
86a9e13e035d: Waiting
4b9e9a02fe38: Waiting
7fd1ebe418b5: Waiting
047038090d57: Waiting
f9d2fb07d6f0: Waiting
4b3e845476d7: Waiting
047038090d57: Waiting
f9d2fb07d6f0: Waiting
4b3e845476d7: Waiting
45b075872e95: Waiting
ca3b9b93ed68: Waiting
6e0ba8ba0487: Waiting
86a9e13e035d: Waiting
4b9e9a02fe38: Waiting
7fd1ebe418b5: Waiting
86a9e13e035d: Waiting
4b9e9a02fe38: Waiting
7fd1ebe418b5: Waiting
047038090d57: Waiting
f9d2fb07d6f0: Waiting
4b3e845476d7: Waiting
45b075872e95: Waiting
ca3b9b93ed68: Waiting
6e0ba8ba0487: Waiting
047038090d57: Waiting
f9d2fb07d6f0: Waiting
4b3e845476d7: Layer already exists
45b075872e95: Waiting
ca3b9b93ed68: Waiting
6e0ba8ba0487: Waiting
86a9e13e035d: Layer already exists
4b9e9a02fe38: Waiting
7fd1ebe418b5: Waiting
047038090d57: Waiting
f9d2fb07d6f0: Waiting
45b075872e95: Waiting
ca3b9b93ed68: Waiting
6e0ba8ba0487: Waiting
4b9e9a02fe38: Waiting
7fd1ebe418b5: Waiting
047038090d57: Waiting
f9d2fb07d6f0: Waiting
45b075872e95: Layer already exists
ca3b9b93ed68: Waiting
6e0ba8ba0487: Waiting
4b9e9a02fe38: Waiting
7fd1ebe418b5: Layer already exists
ca3b9b93ed68: Waiting
6e0ba8ba0487: Waiting
4b9e9a02fe38: Waiting
047038090d57: Waiting
f9d2fb07d6f0: Waiting
047038090d57: Layer already exists
f9d2fb07d6f0: Layer already exists
ca3b9b93ed68: Layer already exists
6e0ba8ba0487: Layer already exists
4b9e9a02fe38: Layer already exists
runtime: digest: sha256:0f12dff0a2e7ceaa93077c8c2b232128cd043f5dd37f5eb396a7acd717e91923 size: 2084
