The push refers to repository [docker.io/striiiiiing/workflowweave-frontend]
917d95eef8a5: Waiting
589002ba0eae: Waiting
d631a49fb4f7: Waiting
98104829f3fe: Waiting
8f7c784e2471: Waiting
44fa0a5a779f: Waiting
c0ac2de5290e: Waiting
535982186e52: Waiting
1d9cbdb003be: Waiting
0151c82f84a9: Waiting
e914c6e98e37: Waiting
917d95eef8a5: Waiting
589002ba0eae: Waiting
d631a49fb4f7: Waiting
98104829f3fe: Waiting
8f7c784e2471: Waiting
44fa0a5a779f: Waiting
c0ac2de5290e: Waiting
535982186e52: Waiting
1d9cbdb003be: Waiting
0151c82f84a9: Waiting
e914c6e98e37: Waiting
c0ac2de5290e: Waiting
535982186e52: Waiting
1d9cbdb003be: Waiting
0151c82f84a9: Waiting
e914c6e98e37: Waiting
917d95eef8a5: Waiting
589002ba0eae: Waiting
d631a49fb4f7: Waiting
98104829f3fe: Waiting
8f7c784e2471: Waiting
44fa0a5a779f: Waiting
917d95eef8a5: Waiting
589002ba0eae: Waiting
d631a49fb4f7: Waiting
98104829f3fe: Waiting
8f7c784e2471: Waiting
44fa0a5a779f: Waiting
c0ac2de5290e: Waiting
535982186e52: Waiting
1d9cbdb003be: Waiting
0151c82f84a9: Waiting
e914c6e98e37: Waiting
917d95eef8a5: Waiting
589002ba0eae: Waiting
d631a49fb4f7: Waiting
98104829f3fe: Waiting
8f7c784e2471: Waiting
44fa0a5a779f: Waiting
c0ac2de5290e: Waiting
535982186e52: Waiting
1d9cbdb003be: Waiting
0151c82f84a9: Waiting
e914c6e98e37: Waiting
535982186e52: Waiting
1d9cbdb003be: Waiting
0151c82f84a9: Waiting
e914c6e98e37: Waiting
917d95eef8a5: Waiting
589002ba0eae: Waiting
d631a49fb4f7: Waiting
98104829f3fe: Waiting
8f7c784e2471: Waiting
44fa0a5a779f: Waiting
c0ac2de5290e: Waiting
e914c6e98e37: Waiting
917d95eef8a5: Waiting
589002ba0eae: Waiting
d631a49fb4f7: Waiting
98104829f3fe: Waiting
8f7c784e2471: Waiting
44fa0a5a779f: Waiting
c0ac2de5290e: Waiting
535982186e52: Waiting
1d9cbdb003be: Waiting
0151c82f84a9: Waiting
917d95eef8a5: Waiting
589002ba0eae: Waiting
d631a49fb4f7: Waiting
98104829f3fe: Waiting
8f7c784e2471: Waiting
44fa0a5a779f: Waiting
c0ac2de5290e: Waiting
535982186e52: Waiting
1d9cbdb003be: Waiting
0151c82f84a9: Waiting
e914c6e98e37: Waiting
917d95eef8a5: Waiting
589002ba0eae: Waiting
d631a49fb4f7: Waiting
98104829f3fe: Waiting
8f7c784e2471: Waiting
44fa0a5a779f: Waiting
c0ac2de5290e: Waiting
535982186e52: Waiting
1d9cbdb003be: Waiting
0151c82f84a9: Waiting
e914c6e98e37: Waiting
917d95eef8a5: Waiting
589002ba0eae: Waiting
d631a49fb4f7: Waiting
98104829f3fe: Waiting
8f7c784e2471: Waiting
44fa0a5a779f: Waiting
c0ac2de5290e: Waiting
535982186e52: Waiting
1d9cbdb003be: Waiting
0151c82f84a9: Waiting
e914c6e98e37: Waiting
0151c82f84a9: Waiting
e914c6e98e37: Waiting
917d95eef8a5: Waiting
589002ba0eae: Waiting
d631a49fb4f7: Waiting
98104829f3fe: Waiting
8f7c784e2471: Waiting
44fa0a5a779f: Waiting
c0ac2de5290e: Waiting
535982186e52: Waiting
1d9cbdb003be: Waiting
98104829f3fe: Waiting
8f7c784e2471: Waiting
44fa0a5a779f: Waiting
c0ac2de5290e: Waiting
535982186e52: Waiting
1d9cbdb003be: Waiting
0151c82f84a9: Waiting
e914c6e98e37: Waiting
917d95eef8a5: Waiting
589002ba0eae: Waiting
d631a49fb4f7: Waiting
917d95eef8a5: Waiting
589002ba0eae: Waiting
d631a49fb4f7: Waiting
98104829f3fe: Waiting
8f7c784e2471: Waiting
44fa0a5a779f: Waiting
c0ac2de5290e: Waiting
535982186e52: Waiting
1d9cbdb003be: Waiting
0151c82f84a9: Waiting
e914c6e98e37: Waiting
c0ac2de5290e: Waiting
535982186e52: Waiting
1d9cbdb003be: Waiting
0151c82f84a9: Waiting
e914c6e98e37: Waiting
917d95eef8a5: Waiting
589002ba0eae: Waiting
d631a49fb4f7: Waiting
98104829f3fe: Waiting
8f7c784e2471: Waiting
44fa0a5a779f: Waiting
535982186e52: Waiting
1d9cbdb003be: Waiting
0151c82f84a9: Waiting
e914c6e98e37: Waiting
917d95eef8a5: Waiting
589002ba0eae: Waiting
d631a49fb4f7: Waiting
98104829f3fe: Waiting
8f7c784e2471: Waiting
44fa0a5a779f: Waiting
c0ac2de5290e: Waiting
917d95eef8a5: Waiting
589002ba0eae: Waiting
d631a49fb4f7: Waiting
98104829f3fe: Waiting
8f7c784e2471: Waiting
44fa0a5a779f: Waiting
c0ac2de5290e: Waiting
535982186e52: Waiting
1d9cbdb003be: Waiting
0151c82f84a9: Waiting
e914c6e98e37: Waiting
535982186e52: Waiting
1d9cbdb003be: Waiting
0151c82f84a9: Waiting
e914c6e98e37: Waiting
917d95eef8a5: Waiting
589002ba0eae: Waiting
d631a49fb4f7: Waiting
98104829f3fe: Waiting
8f7c784e2471: Waiting
44fa0a5a779f: Waiting
c0ac2de5290e: Waiting
917d95eef8a5: Waiting
589002ba0eae: Waiting
d631a49fb4f7: Waiting
98104829f3fe: Waiting
8f7c784e2471: Waiting
44fa0a5a779f: Waiting
c0ac2de5290e: Waiting
535982186e52: Waiting
1d9cbdb003be: Waiting
0151c82f84a9: Waiting
e914c6e98e37: Waiting
917d95eef8a5: Waiting
589002ba0eae: Waiting
d631a49fb4f7: Waiting
98104829f3fe: Waiting
8f7c784e2471: Waiting
44fa0a5a779f: Waiting
c0ac2de5290e: Waiting
535982186e52: Waiting
1d9cbdb003be: Waiting
0151c82f84a9: Waiting
e914c6e98e37: Waiting
917d95eef8a5: Waiting
589002ba0eae: Waiting
d631a49fb4f7: Waiting
98104829f3fe: Waiting
8f7c784e2471: Waiting
44fa0a5a779f: Waiting
c0ac2de5290e: Waiting
535982186e52: Waiting
1d9cbdb003be: Waiting
0151c82f84a9: Waiting
e914c6e98e37: Waiting
535982186e52: Waiting
1d9cbdb003be: Waiting
0151c82f84a9: Waiting
e914c6e98e37: Waiting
917d95eef8a5: Waiting
589002ba0eae: Waiting
d631a49fb4f7: Waiting
98104829f3fe: Waiting
8f7c784e2471: Waiting
44fa0a5a779f: Waiting
c0ac2de5290e: Waiting
535982186e52: Waiting
1d9cbdb003be: Waiting
0151c82f84a9: Waiting
e914c6e98e37: Waiting
917d95eef8a5: Waiting
589002ba0eae: Waiting
d631a49fb4f7: Waiting
98104829f3fe: Waiting
8f7c784e2471: Waiting
44fa0a5a779f: Waiting
c0ac2de5290e: Waiting
917d95eef8a5: Waiting
589002ba0eae: Waiting
d631a49fb4f7: Waiting
98104829f3fe: Waiting
8f7c784e2471: Waiting
44fa0a5a779f: Waiting
c0ac2de5290e: Waiting
535982186e52: Waiting
1d9cbdb003be: Waiting
0151c82f84a9: Waiting
e914c6e98e37: Waiting
c0ac2de5290e: Waiting
535982186e52: Waiting
1d9cbdb003be: Waiting
0151c82f84a9: Waiting
e914c6e98e37: Waiting
917d95eef8a5: Waiting
589002ba0eae: Waiting
d631a49fb4f7: Waiting
98104829f3fe: Waiting
8f7c784e2471: Waiting
44fa0a5a779f: Waiting
44fa0a5a779f: Waiting
c0ac2de5290e: Waiting
1d9cbdb003be: Waiting
0151c82f84a9: Waiting
e914c6e98e37: Waiting
917d95eef8a5: Waiting
589002ba0eae: Waiting
d631a49fb4f7: Waiting
98104829f3fe: Waiting
98104829f3fe: Waiting
c0ac2de5290e: Waiting
1d9cbdb003be: Waiting
0151c82f84a9: Waiting
e914c6e98e37: Waiting
917d95eef8a5: Waiting
589002ba0eae: Waiting
d631a49fb4f7: Waiting
c0ac2de5290e: Waiting
1d9cbdb003be: Waiting
0151c82f84a9: Waiting
e914c6e98e37: Waiting
917d95eef8a5: Waiting
d631a49fb4f7: Waiting
98104829f3fe: Waiting
917d95eef8a5: Waiting
d631a49fb4f7: Waiting
98104829f3fe: Waiting
c0ac2de5290e: Waiting
1d9cbdb003be: Waiting
0151c82f84a9: Waiting
e914c6e98e37: Waiting
0151c82f84a9: Waiting
e914c6e98e37: Waiting
917d95eef8a5: Waiting
d631a49fb4f7: Waiting
98104829f3fe: Waiting
c0ac2de5290e: Waiting
1d9cbdb003be: Waiting
e914c6e98e37: Waiting
917d95eef8a5: Waiting
d631a49fb4f7: Waiting
98104829f3fe: Waiting
c0ac2de5290e: Waiting
1d9cbdb003be: Waiting
0151c82f84a9: Waiting
c0ac2de5290e: Waiting
1d9cbdb003be: Waiting
0151c82f84a9: Waiting
e914c6e98e37: Waiting
917d95eef8a5: Waiting
d631a49fb4f7: Waiting
98104829f3fe: Waiting
917d95eef8a5: Waiting
d631a49fb4f7: Waiting
c0ac2de5290e: Waiting
1d9cbdb003be: Waiting
e914c6e98e37: Waiting
917d95eef8a5: Waiting
d631a49fb4f7: Waiting
c0ac2de5290e: Waiting
1d9cbdb003be: Waiting
e914c6e98e37: Waiting
8f7c784e2471: Pushed
c0ac2de5290e: Waiting
e914c6e98e37: Waiting
917d95eef8a5: Waiting
c0ac2de5290e: Waiting
e914c6e98e37: Waiting
917d95eef8a5: Waiting
e914c6e98e37: Waiting
917d95eef8a5: Waiting
c0ac2de5290e: Waiting
44fa0a5a779f: Pushed
98104829f3fe: Pushed
d631a49fb4f7: Pushed
e914c6e98e37: Pushed
917d95eef8a5: Pushed
c0ac2de5290e: Pushed
535982186e52: Pushed
1d9cbdb003be: Pushed
589002ba0eae: Pushed
0151c82f84a9: Pushed
20261007T190805Z: digest: sha256:e5b4eb58bc27fbaae7bda91f1f3fdb8a7ccbe8f62008040a7a4af3c4ef77ebd1 size: 856
The push refers to repository [docker.io/striiiiiing/workflowweave-frontend]
98104829f3fe: Waiting
0151c82f84a9: Waiting
e914c6e98e37: Waiting
8f7c784e2471: Waiting
d631a49fb4f7: Waiting
44fa0a5a779f: Waiting
c0ac2de5290e: Waiting
917d95eef8a5: Waiting
535982186e52: Waiting
1d9cbdb003be: Waiting
589002ba0eae: Waiting
589002ba0eae: Waiting
98104829f3fe: Waiting
0151c82f84a9: Waiting
e914c6e98e37: Waiting
8f7c784e2471: Waiting
d631a49fb4f7: Waiting
44fa0a5a779f: Waiting
c0ac2de5290e: Waiting
917d95eef8a5: Waiting
535982186e52: Waiting
1d9cbdb003be: Waiting
98104829f3fe: Waiting
0151c82f84a9: Waiting
e914c6e98e37: Waiting
8f7c784e2471: Waiting
d631a49fb4f7: Waiting
44fa0a5a779f: Waiting
c0ac2de5290e: Waiting
917d95eef8a5: Waiting
535982186e52: Waiting
1d9cbdb003be: Waiting
589002ba0eae: Waiting
e914c6e98e37: Waiting
8f7c784e2471: Waiting
d631a49fb4f7: Waiting
44fa0a5a779f: Waiting
c0ac2de5290e: Waiting
917d95eef8a5: Waiting
535982186e52: Waiting
1d9cbdb003be: Waiting
589002ba0eae: Waiting
98104829f3fe: Waiting
0151c82f84a9: Waiting
98104829f3fe: Waiting
0151c82f84a9: Waiting
e914c6e98e37: Waiting
8f7c784e2471: Waiting
d631a49fb4f7: Waiting
44fa0a5a779f: Waiting
c0ac2de5290e: Waiting
917d95eef8a5: Waiting
535982186e52: Waiting
1d9cbdb003be: Waiting
589002ba0eae: Waiting
589002ba0eae: Waiting
98104829f3fe: Waiting
0151c82f84a9: Waiting
e914c6e98e37: Waiting
8f7c784e2471: Waiting
d631a49fb4f7: Waiting
44fa0a5a779f: Waiting
c0ac2de5290e: Waiting
917d95eef8a5: Waiting
535982186e52: Waiting
1d9cbdb003be: Waiting
98104829f3fe: Waiting
0151c82f84a9: Waiting
e914c6e98e37: Waiting
8f7c784e2471: Waiting
d631a49fb4f7: Waiting
44fa0a5a779f: Waiting
c0ac2de5290e: Waiting
917d95eef8a5: Waiting
535982186e52: Waiting
1d9cbdb003be: Waiting
589002ba0eae: Waiting
917d95eef8a5: Waiting
535982186e52: Waiting
1d9cbdb003be: Waiting
589002ba0eae: Waiting
98104829f3fe: Waiting
0151c82f84a9: Waiting
e914c6e98e37: Waiting
8f7c784e2471: Waiting
d631a49fb4f7: Waiting
44fa0a5a779f: Waiting
c0ac2de5290e: Waiting
535982186e52: Waiting
1d9cbdb003be: Waiting
589002ba0eae: Waiting
98104829f3fe: Waiting
0151c82f84a9: Waiting
e914c6e98e37: Waiting
8f7c784e2471: Waiting
d631a49fb4f7: Waiting
44fa0a5a779f: Waiting
c0ac2de5290e: Waiting
917d95eef8a5: Waiting
589002ba0eae: Waiting
98104829f3fe: Waiting
0151c82f84a9: Waiting
e914c6e98e37: Waiting
8f7c784e2471: Waiting
d631a49fb4f7: Waiting
44fa0a5a779f: Waiting
c0ac2de5290e: Waiting
917d95eef8a5: Waiting
535982186e52: Waiting
1d9cbdb003be: Waiting
98104829f3fe: Waiting
0151c82f84a9: Waiting
e914c6e98e37: Waiting
8f7c784e2471: Waiting
d631a49fb4f7: Waiting
44fa0a5a779f: Waiting
c0ac2de5290e: Waiting
917d95eef8a5: Waiting
535982186e52: Waiting
1d9cbdb003be: Waiting
589002ba0eae: Waiting
98104829f3fe: Waiting
0151c82f84a9: Waiting
e914c6e98e37: Waiting
8f7c784e2471: Waiting
d631a49fb4f7: Waiting
44fa0a5a779f: Waiting
c0ac2de5290e: Waiting
917d95eef8a5: Waiting
535982186e52: Waiting
1d9cbdb003be: Waiting
589002ba0eae: Waiting
98104829f3fe: Waiting
0151c82f84a9: Waiting
e914c6e98e37: Waiting
8f7c784e2471: Waiting
d631a49fb4f7: Waiting
44fa0a5a779f: Waiting
c0ac2de5290e: Waiting
917d95eef8a5: Waiting
535982186e52: Waiting
1d9cbdb003be: Waiting
589002ba0eae: Waiting
917d95eef8a5: Waiting
535982186e52: Waiting
1d9cbdb003be: Waiting
589002ba0eae: Waiting
98104829f3fe: Waiting
0151c82f84a9: Waiting
e914c6e98e37: Waiting
8f7c784e2471: Waiting
d631a49fb4f7: Waiting
44fa0a5a779f: Waiting
c0ac2de5290e: Waiting
98104829f3fe: Waiting
0151c82f84a9: Waiting
e914c6e98e37: Waiting
8f7c784e2471: Waiting
d631a49fb4f7: Waiting
44fa0a5a779f: Waiting
c0ac2de5290e: Waiting
917d95eef8a5: Waiting
535982186e52: Waiting
1d9cbdb003be: Waiting
589002ba0eae: Waiting
8f7c784e2471: Waiting
d631a49fb4f7: Waiting
44fa0a5a779f: Waiting
c0ac2de5290e: Waiting
917d95eef8a5: Waiting
535982186e52: Waiting
1d9cbdb003be: Waiting
589002ba0eae: Waiting
98104829f3fe: Waiting
0151c82f84a9: Waiting
e914c6e98e37: Waiting
e914c6e98e37: Waiting
8f7c784e2471: Waiting
d631a49fb4f7: Waiting
44fa0a5a779f: Waiting
c0ac2de5290e: Waiting
917d95eef8a5: Waiting
535982186e52: Waiting
1d9cbdb003be: Waiting
589002ba0eae: Waiting
98104829f3fe: Waiting
0151c82f84a9: Waiting
d631a49fb4f7: Waiting
44fa0a5a779f: Waiting
c0ac2de5290e: Waiting
917d95eef8a5: Waiting
535982186e52: Waiting
1d9cbdb003be: Waiting
589002ba0eae: Waiting
98104829f3fe: Waiting
0151c82f84a9: Waiting
e914c6e98e37: Waiting
8f7c784e2471: Waiting
98104829f3fe: Waiting
0151c82f84a9: Waiting
e914c6e98e37: Waiting
8f7c784e2471: Waiting
d631a49fb4f7: Waiting
44fa0a5a779f: Waiting
c0ac2de5290e: Waiting
917d95eef8a5: Waiting
535982186e52: Waiting
1d9cbdb003be: Waiting
589002ba0eae: Waiting
98104829f3fe: Waiting
0151c82f84a9: Waiting
e914c6e98e37: Waiting
8f7c784e2471: Waiting
d631a49fb4f7: Waiting
44fa0a5a779f: Waiting
c0ac2de5290e: Waiting
917d95eef8a5: Waiting
535982186e52: Waiting
1d9cbdb003be: Waiting
589002ba0eae: Waiting
8f7c784e2471: Waiting
d631a49fb4f7: Waiting
44fa0a5a779f: Waiting
c0ac2de5290e: Waiting
917d95eef8a5: Waiting
535982186e52: Waiting
1d9cbdb003be: Waiting
589002ba0eae: Waiting
98104829f3fe: Waiting
0151c82f84a9: Waiting
e914c6e98e37: Waiting
98104829f3fe: Waiting
0151c82f84a9: Waiting
e914c6e98e37: Waiting
8f7c784e2471: Waiting
d631a49fb4f7: Waiting
44fa0a5a779f: Waiting
c0ac2de5290e: Waiting
917d95eef8a5: Waiting
535982186e52: Waiting
1d9cbdb003be: Waiting
589002ba0eae: Waiting
c0ac2de5290e: Waiting
917d95eef8a5: Waiting
535982186e52: Waiting
1d9cbdb003be: Waiting
589002ba0eae: Waiting
98104829f3fe: Waiting
0151c82f84a9: Waiting
e914c6e98e37: Waiting
8f7c784e2471: Waiting
d631a49fb4f7: Waiting
44fa0a5a779f: Waiting
d631a49fb4f7: Waiting
44fa0a5a779f: Waiting
c0ac2de5290e: Waiting
917d95eef8a5: Waiting
535982186e52: Waiting
1d9cbdb003be: Waiting
589002ba0eae: Waiting
98104829f3fe: Waiting
0151c82f84a9: Waiting
e914c6e98e37: Waiting
8f7c784e2471: Waiting
c0ac2de5290e: Waiting
917d95eef8a5: Waiting
535982186e52: Waiting
1d9cbdb003be: Waiting
589002ba0eae: Waiting
98104829f3fe: Waiting
0151c82f84a9: Waiting
e914c6e98e37: Waiting
8f7c784e2471: Waiting
d631a49fb4f7: Waiting
44fa0a5a779f: Waiting
917d95eef8a5: Waiting
535982186e52: Waiting
1d9cbdb003be: Waiting
589002ba0eae: Waiting
98104829f3fe: Waiting
0151c82f84a9: Waiting
e914c6e98e37: Waiting
8f7c784e2471: Waiting
d631a49fb4f7: Waiting
44fa0a5a779f: Waiting
c0ac2de5290e: Waiting
e914c6e98e37: Layer already exists
8f7c784e2471: Waiting
d631a49fb4f7: Waiting
44fa0a5a779f: Waiting
c0ac2de5290e: Waiting
917d95eef8a5: Waiting
535982186e52: Waiting
1d9cbdb003be: Waiting
589002ba0eae: Waiting
98104829f3fe: Waiting
0151c82f84a9: Waiting
98104829f3fe: Waiting
0151c82f84a9: Waiting
8f7c784e2471: Waiting
d631a49fb4f7: Waiting
44fa0a5a779f: Waiting
c0ac2de5290e: Waiting
917d95eef8a5: Waiting
535982186e52: Waiting
1d9cbdb003be: Waiting
589002ba0eae: Waiting
1d9cbdb003be: Waiting
589002ba0eae: Waiting
98104829f3fe: Waiting
0151c82f84a9: Waiting
8f7c784e2471: Waiting
d631a49fb4f7: Waiting
44fa0a5a779f: Waiting
c0ac2de5290e: Waiting
917d95eef8a5: Waiting
535982186e52: Waiting
98104829f3fe: Waiting
0151c82f84a9: Waiting
8f7c784e2471: Waiting
d631a49fb4f7: Waiting
44fa0a5a779f: Waiting
c0ac2de5290e: Waiting
917d95eef8a5: Waiting
535982186e52: Waiting
1d9cbdb003be: Waiting
589002ba0eae: Waiting
8f7c784e2471: Waiting
d631a49fb4f7: Waiting
44fa0a5a779f: Waiting
c0ac2de5290e: Waiting
917d95eef8a5: Waiting
535982186e52: Waiting
1d9cbdb003be: Waiting
589002ba0eae: Waiting
98104829f3fe: Waiting
0151c82f84a9: Waiting
535982186e52: Layer already exists
1d9cbdb003be: Waiting
589002ba0eae: Waiting
98104829f3fe: Waiting
0151c82f84a9: Waiting
8f7c784e2471: Layer already exists
d631a49fb4f7: Layer already exists
44fa0a5a779f: Waiting
c0ac2de5290e: Waiting
917d95eef8a5: Waiting
917d95eef8a5: Already exists
1d9cbdb003be: Layer already exists
589002ba0eae: Layer already exists
98104829f3fe: Layer already exists
0151c82f84a9: Layer already exists
44fa0a5a779f: Layer already exists
c0ac2de5290e: Layer already exists
latest: digest: sha256:e5b4eb58bc27fbaae7bda91f1f3fdb8a7ccbe8f62008040a7a4af3c4ef77ebd1 size: 856
