The push refers to repository [docker.io/striiiiiing/workflowweave-backend]
6e0ba8ba0487: Waiting
3a81060bcd06: Waiting
850f61926bdf: Waiting
ca3b9b93ed68: Waiting
86a9e13e035d: Waiting
fcaec97a43e8: Waiting
7fd1ebe418b5: Waiting
45b075872e95: Waiting
87c60c9e95ca: Waiting
f9d2fb07d6f0: Waiting
047038090d57: Waiting
4f4fb700ef54: Waiting
4b3e845476d7: Waiting
9cc4458faeb2: Waiting
e9ab7e4f502c: Waiting
496775a39489: Waiting
0c5ce378e7c0: Waiting
a79dc39d8ecf: Waiting
737e22ab13fe: Waiting
4b9e9a02fe38: Waiting
ca3b9b93ed68: Waiting
86a9e13e035d: Waiting
fcaec97a43e8: Waiting
7fd1ebe418b5: Waiting
45b075872e95: Waiting
87c60c9e95ca: Waiting
f9d2fb07d6f0: Waiting
047038090d57: Waiting
4f4fb700ef54: Waiting
4b3e845476d7: Waiting
9cc4458faeb2: Waiting
e9ab7e4f502c: Waiting
496775a39489: Waiting
0c5ce378e7c0: Waiting
a79dc39d8ecf: Waiting
737e22ab13fe: Waiting
4b9e9a02fe38: Waiting
6e0ba8ba0487: Waiting
3a81060bcd06: Waiting
850f61926bdf: Waiting
4f4fb700ef54: Waiting
4b3e845476d7: Waiting
9cc4458faeb2: Waiting
e9ab7e4f502c: Waiting
496775a39489: Waiting
0c5ce378e7c0: Waiting
a79dc39d8ecf: Waiting
737e22ab13fe: Waiting
4b9e9a02fe38: Waiting
6e0ba8ba0487: Waiting
3a81060bcd06: Waiting
850f61926bdf: Waiting
ca3b9b93ed68: Waiting
86a9e13e035d: Waiting
fcaec97a43e8: Waiting
7fd1ebe418b5: Waiting
45b075872e95: Waiting
87c60c9e95ca: Waiting
f9d2fb07d6f0: Waiting
047038090d57: Waiting
ca3b9b93ed68: Waiting
86a9e13e035d: Waiting
fcaec97a43e8: Waiting
7fd1ebe418b5: Waiting
45b075872e95: Waiting
87c60c9e95ca: Waiting
f9d2fb07d6f0: Waiting
047038090d57: Waiting
4f4fb700ef54: Waiting
4b3e845476d7: Waiting
9cc4458faeb2: Waiting
e9ab7e4f502c: Waiting
496775a39489: Waiting
0c5ce378e7c0: Waiting
a79dc39d8ecf: Waiting
737e22ab13fe: Waiting
4b9e9a02fe38: Waiting
6e0ba8ba0487: Waiting
3a81060bcd06: Waiting
850f61926bdf: Waiting
4b3e845476d7: Waiting
9cc4458faeb2: Waiting
e9ab7e4f502c: Waiting
496775a39489: Waiting
0c5ce378e7c0: Waiting
a79dc39d8ecf: Waiting
737e22ab13fe: Waiting
4b9e9a02fe38: Waiting
6e0ba8ba0487: Waiting
3a81060bcd06: Waiting
850f61926bdf: Waiting
ca3b9b93ed68: Waiting
86a9e13e035d: Waiting
fcaec97a43e8: Waiting
7fd1ebe418b5: Waiting
45b075872e95: Waiting
87c60c9e95ca: Waiting
f9d2fb07d6f0: Waiting
047038090d57: Waiting
4f4fb700ef54: Waiting
ca3b9b93ed68: Waiting
86a9e13e035d: Waiting
fcaec97a43e8: Waiting
7fd1ebe418b5: Waiting
45b075872e95: Waiting
87c60c9e95ca: Waiting
f9d2fb07d6f0: Waiting
047038090d57: Waiting
4f4fb700ef54: Waiting
4b3e845476d7: Waiting
9cc4458faeb2: Waiting
e9ab7e4f502c: Waiting
496775a39489: Waiting
0c5ce378e7c0: Waiting
a79dc39d8ecf: Waiting
737e22ab13fe: Waiting
4b9e9a02fe38: Waiting
6e0ba8ba0487: Waiting
3a81060bcd06: Waiting
850f61926bdf: Waiting
ca3b9b93ed68: Waiting
86a9e13e035d: Waiting
fcaec97a43e8: Waiting
7fd1ebe418b5: Waiting
45b075872e95: Waiting
87c60c9e95ca: Waiting
f9d2fb07d6f0: Waiting
047038090d57: Waiting
4f4fb700ef54: Waiting
4b3e845476d7: Waiting
9cc4458faeb2: Waiting
e9ab7e4f502c: Waiting
496775a39489: Waiting
0c5ce378e7c0: Waiting
a79dc39d8ecf: Waiting
737e22ab13fe: Waiting
4b9e9a02fe38: Waiting
6e0ba8ba0487: Waiting
3a81060bcd06: Waiting
850f61926bdf: Waiting
4b3e845476d7: Waiting
9cc4458faeb2: Waiting
e9ab7e4f502c: Waiting
496775a39489: Waiting
0c5ce378e7c0: Waiting
a79dc39d8ecf: Waiting
737e22ab13fe: Waiting
4b9e9a02fe38: Waiting
6e0ba8ba0487: Waiting
3a81060bcd06: Waiting
850f61926bdf: Waiting
ca3b9b93ed68: Waiting
86a9e13e035d: Waiting
fcaec97a43e8: Waiting
7fd1ebe418b5: Waiting
45b075872e95: Waiting
87c60c9e95ca: Waiting
f9d2fb07d6f0: Waiting
047038090d57: Waiting
4f4fb700ef54: Waiting
ca3b9b93ed68: Waiting
86a9e13e035d: Waiting
fcaec97a43e8: Waiting
7fd1ebe418b5: Waiting
45b075872e95: Waiting
87c60c9e95ca: Waiting
f9d2fb07d6f0: Waiting
047038090d57: Waiting
4f4fb700ef54: Waiting
4b3e845476d7: Waiting
9cc4458faeb2: Waiting
e9ab7e4f502c: Waiting
496775a39489: Waiting
0c5ce378e7c0: Waiting
a79dc39d8ecf: Waiting
737e22ab13fe: Waiting
4b9e9a02fe38: Waiting
6e0ba8ba0487: Waiting
3a81060bcd06: Waiting
850f61926bdf: Waiting
4f4fb700ef54: Waiting
4b3e845476d7: Waiting
9cc4458faeb2: Waiting
e9ab7e4f502c: Waiting
496775a39489: Waiting
0c5ce378e7c0: Waiting
a79dc39d8ecf: Waiting
737e22ab13fe: Waiting
4b9e9a02fe38: Waiting
6e0ba8ba0487: Waiting
3a81060bcd06: Waiting
850f61926bdf: Waiting
ca3b9b93ed68: Waiting
86a9e13e035d: Waiting
fcaec97a43e8: Waiting
7fd1ebe418b5: Waiting
45b075872e95: Waiting
87c60c9e95ca: Waiting
f9d2fb07d6f0: Waiting
047038090d57: Waiting
a79dc39d8ecf: Waiting
737e22ab13fe: Waiting
4b9e9a02fe38: Waiting
6e0ba8ba0487: Waiting
3a81060bcd06: Waiting
850f61926bdf: Waiting
ca3b9b93ed68: Waiting
86a9e13e035d: Waiting
fcaec97a43e8: Waiting
7fd1ebe418b5: Waiting
45b075872e95: Waiting
87c60c9e95ca: Waiting
f9d2fb07d6f0: Waiting
047038090d57: Waiting
4f4fb700ef54: Waiting
4b3e845476d7: Waiting
9cc4458faeb2: Waiting
e9ab7e4f502c: Waiting
496775a39489: Waiting
0c5ce378e7c0: Waiting
a79dc39d8ecf: Waiting
737e22ab13fe: Waiting
4b9e9a02fe38: Waiting
6e0ba8ba0487: Waiting
3a81060bcd06: Waiting
850f61926bdf: Waiting
ca3b9b93ed68: Waiting
86a9e13e035d: Waiting
fcaec97a43e8: Waiting
7fd1ebe418b5: Waiting
45b075872e95: Waiting
87c60c9e95ca: Waiting
f9d2fb07d6f0: Waiting
047038090d57: Waiting
4f4fb700ef54: Waiting
4b3e845476d7: Waiting
9cc4458faeb2: Waiting
e9ab7e4f502c: Waiting
496775a39489: Waiting
0c5ce378e7c0: Waiting
a79dc39d8ecf: Waiting
737e22ab13fe: Waiting
4b9e9a02fe38: Waiting
6e0ba8ba0487: Waiting
3a81060bcd06: Waiting
850f61926bdf: Waiting
ca3b9b93ed68: Waiting
86a9e13e035d: Waiting
fcaec97a43e8: Waiting
7fd1ebe418b5: Waiting
45b075872e95: Waiting
87c60c9e95ca: Waiting
f9d2fb07d6f0: Waiting
047038090d57: Waiting
4f4fb700ef54: Waiting
4b3e845476d7: Waiting
9cc4458faeb2: Waiting
e9ab7e4f502c: Waiting
496775a39489: Waiting
0c5ce378e7c0: Waiting
a79dc39d8ecf: Waiting
737e22ab13fe: Waiting
4b9e9a02fe38: Waiting
6e0ba8ba0487: Waiting
3a81060bcd06: Waiting
850f61926bdf: Waiting
ca3b9b93ed68: Waiting
86a9e13e035d: Waiting
fcaec97a43e8: Waiting
7fd1ebe418b5: Waiting
45b075872e95: Waiting
87c60c9e95ca: Waiting
f9d2fb07d6f0: Waiting
047038090d57: Waiting
4f4fb700ef54: Waiting
4b3e845476d7: Waiting
9cc4458faeb2: Waiting
e9ab7e4f502c: Waiting
496775a39489: Waiting
0c5ce378e7c0: Waiting
f9d2fb07d6f0: Waiting
047038090d57: Waiting
4f4fb700ef54: Waiting
4b3e845476d7: Waiting
9cc4458faeb2: Waiting
e9ab7e4f502c: Waiting
496775a39489: Waiting
0c5ce378e7c0: Waiting
a79dc39d8ecf: Waiting
737e22ab13fe: Waiting
4b9e9a02fe38: Waiting
6e0ba8ba0487: Waiting
3a81060bcd06: Waiting
850f61926bdf: Waiting
ca3b9b93ed68: Waiting
86a9e13e035d: Waiting
fcaec97a43e8: Waiting
7fd1ebe418b5: Waiting
45b075872e95: Waiting
87c60c9e95ca: Waiting
4f4fb700ef54: Waiting
4b3e845476d7: Waiting
9cc4458faeb2: Waiting
e9ab7e4f502c: Waiting
496775a39489: Waiting
0c5ce378e7c0: Waiting
a79dc39d8ecf: Waiting
737e22ab13fe: Waiting
4b9e9a02fe38: Waiting
6e0ba8ba0487: Waiting
3a81060bcd06: Waiting
850f61926bdf: Waiting
ca3b9b93ed68: Waiting
86a9e13e035d: Waiting
fcaec97a43e8: Waiting
7fd1ebe418b5: Waiting
45b075872e95: Waiting
87c60c9e95ca: Waiting
f9d2fb07d6f0: Waiting
047038090d57: Waiting
9cc4458faeb2: Waiting
e9ab7e4f502c: Waiting
496775a39489: Waiting
0c5ce378e7c0: Waiting
a79dc39d8ecf: Waiting
737e22ab13fe: Waiting
4b9e9a02fe38: Waiting
6e0ba8ba0487: Waiting
3a81060bcd06: Waiting
850f61926bdf: Waiting
ca3b9b93ed68: Waiting
86a9e13e035d: Waiting
fcaec97a43e8: Waiting
7fd1ebe418b5: Waiting
45b075872e95: Waiting
87c60c9e95ca: Waiting
f9d2fb07d6f0: Waiting
047038090d57: Waiting
4f4fb700ef54: Waiting
4b3e845476d7: Waiting
4b9e9a02fe38: Waiting
6e0ba8ba0487: Waiting
3a81060bcd06: Waiting
850f61926bdf: Waiting
ca3b9b93ed68: Waiting
86a9e13e035d: Waiting
fcaec97a43e8: Waiting
7fd1ebe418b5: Waiting
45b075872e95: Waiting
87c60c9e95ca: Waiting
f9d2fb07d6f0: Waiting
047038090d57: Waiting
4f4fb700ef54: Waiting
4b3e845476d7: Waiting
9cc4458faeb2: Waiting
e9ab7e4f502c: Waiting
496775a39489: Waiting
0c5ce378e7c0: Waiting
a79dc39d8ecf: Waiting
737e22ab13fe: Waiting
4b3e845476d7: Waiting
9cc4458faeb2: Waiting
e9ab7e4f502c: Waiting
496775a39489: Waiting
0c5ce378e7c0: Waiting
a79dc39d8ecf: Waiting
737e22ab13fe: Waiting
4b9e9a02fe38: Waiting
6e0ba8ba0487: Waiting
3a81060bcd06: Waiting
850f61926bdf: Waiting
ca3b9b93ed68: Waiting
86a9e13e035d: Waiting
fcaec97a43e8: Waiting
7fd1ebe418b5: Waiting
45b075872e95: Waiting
87c60c9e95ca: Waiting
f9d2fb07d6f0: Waiting
047038090d57: Waiting
4f4fb700ef54: Waiting
ca3b9b93ed68: Waiting
86a9e13e035d: Waiting
fcaec97a43e8: Waiting
7fd1ebe418b5: Waiting
45b075872e95: Waiting
87c60c9e95ca: Waiting
f9d2fb07d6f0: Waiting
047038090d57: Waiting
4f4fb700ef54: Waiting
4b3e845476d7: Waiting
9cc4458faeb2: Waiting
e9ab7e4f502c: Waiting
496775a39489: Waiting
0c5ce378e7c0: Waiting
a79dc39d8ecf: Waiting
737e22ab13fe: Waiting
4b9e9a02fe38: Waiting
6e0ba8ba0487: Waiting
3a81060bcd06: Waiting
850f61926bdf: Waiting
e9ab7e4f502c: Waiting
496775a39489: Waiting
0c5ce378e7c0: Waiting
a79dc39d8ecf: Waiting
737e22ab13fe: Waiting
4b9e9a02fe38: Waiting
6e0ba8ba0487: Waiting
3a81060bcd06: Waiting
850f61926bdf: Waiting
ca3b9b93ed68: Waiting
86a9e13e035d: Waiting
fcaec97a43e8: Waiting
7fd1ebe418b5: Waiting
45b075872e95: Waiting
87c60c9e95ca: Waiting
f9d2fb07d6f0: Waiting
047038090d57: Waiting
4f4fb700ef54: Waiting
4b3e845476d7: Waiting
9cc4458faeb2: Waiting
f9d2fb07d6f0: Waiting
047038090d57: Waiting
4f4fb700ef54: Waiting
4b3e845476d7: Waiting
9cc4458faeb2: Waiting
e9ab7e4f502c: Waiting
496775a39489: Waiting
0c5ce378e7c0: Waiting
a79dc39d8ecf: Waiting
737e22ab13fe: Waiting
4b9e9a02fe38: Waiting
6e0ba8ba0487: Waiting
3a81060bcd06: Waiting
850f61926bdf: Waiting
ca3b9b93ed68: Waiting
86a9e13e035d: Waiting
fcaec97a43e8: Waiting
7fd1ebe418b5: Waiting
45b075872e95: Waiting
87c60c9e95ca: Waiting
45b075872e95: Waiting
87c60c9e95ca: Waiting
f9d2fb07d6f0: Waiting
047038090d57: Waiting
4f4fb700ef54: Waiting
4b3e845476d7: Waiting
9cc4458faeb2: Waiting
e9ab7e4f502c: Waiting
496775a39489: Waiting
0c5ce378e7c0: Waiting
a79dc39d8ecf: Waiting
737e22ab13fe: Waiting
4b9e9a02fe38: Waiting
6e0ba8ba0487: Waiting
3a81060bcd06: Waiting
850f61926bdf: Waiting
ca3b9b93ed68: Waiting
86a9e13e035d: Waiting
fcaec97a43e8: Waiting
7fd1ebe418b5: Waiting
737e22ab13fe: Waiting
4b9e9a02fe38: Waiting
6e0ba8ba0487: Waiting
3a81060bcd06: Waiting
850f61926bdf: Waiting
ca3b9b93ed68: Waiting
86a9e13e035d: Waiting
fcaec97a43e8: Waiting
7fd1ebe418b5: Waiting
45b075872e95: Waiting
87c60c9e95ca: Waiting
f9d2fb07d6f0: Waiting
047038090d57: Waiting
4f4fb700ef54: Waiting
4b3e845476d7: Waiting
9cc4458faeb2: Waiting
e9ab7e4f502c: Waiting
496775a39489: Waiting
0c5ce378e7c0: Waiting
a79dc39d8ecf: Waiting
f9d2fb07d6f0: Waiting
047038090d57: Waiting
4f4fb700ef54: Waiting
4b3e845476d7: Waiting
9cc4458faeb2: Waiting
e9ab7e4f502c: Waiting
496775a39489: Waiting
0c5ce378e7c0: Waiting
a79dc39d8ecf: Waiting
737e22ab13fe: Waiting
4b9e9a02fe38: Waiting
850f61926bdf: Waiting
ca3b9b93ed68: Waiting
86a9e13e035d: Waiting
fcaec97a43e8: Waiting
7fd1ebe418b5: Waiting
45b075872e95: Waiting
87c60c9e95ca: Waiting
496775a39489: Waiting
a79dc39d8ecf: Waiting
737e22ab13fe: Waiting
4b9e9a02fe38: Waiting
850f61926bdf: Waiting
ca3b9b93ed68: Waiting
86a9e13e035d: Waiting
fcaec97a43e8: Waiting
7fd1ebe418b5: Waiting
45b075872e95: Waiting
87c60c9e95ca: Waiting
f9d2fb07d6f0: Waiting
047038090d57: Waiting
4f4fb700ef54: Waiting
4b3e845476d7: Waiting
9cc4458faeb2: Waiting
e9ab7e4f502c: Waiting
f9d2fb07d6f0: Waiting
047038090d57: Waiting
4f4fb700ef54: Waiting
4b3e845476d7: Waiting
9cc4458faeb2: Waiting
e9ab7e4f502c: Waiting
496775a39489: Waiting
a79dc39d8ecf: Waiting
737e22ab13fe: Waiting
4b9e9a02fe38: Waiting
850f61926bdf: Waiting
ca3b9b93ed68: Waiting
86a9e13e035d: Waiting
fcaec97a43e8: Waiting
7fd1ebe418b5: Waiting
45b075872e95: Waiting
87c60c9e95ca: Waiting
fcaec97a43e8: Waiting
4f4fb700ef54: Waiting
86a9e13e035d: Waiting
fcaec97a43e8: Waiting
4f4fb700ef54: Waiting
fcaec97a43e8: Waiting
4f4fb700ef54: Waiting
4f4fb700ef54: Waiting
4f4fb700ef54: Waiting
4f4fb700ef54: Waiting
4f4fb700ef54: Waiting
4f4fb700ef54: Waiting
f9d2fb07d6f0: Pushed
4f4fb700ef54: Waiting
a79dc39d8ecf: Pushed
850f61926bdf: Pushed
4f4fb700ef54: Waiting
4f4fb700ef54: Waiting
4b3e845476d7: Pushed
4f4fb700ef54: Waiting
9cc4458faeb2: Pushed
4f4fb700ef54: Waiting
496775a39489: Pushed
4f4fb700ef54: Mounted from standardnotes/server
0c5ce378e7c0: Pushed
fcaec97a43e8: Pushed
3a81060bcd06: Pushed
e9ab7e4f502c: Pushed
737e22ab13fe: Pushed
4b9e9a02fe38: Pushed
6e0ba8ba0487: Pushed
86a9e13e035d: Pushed
047038090d57: Pushed
7fd1ebe418b5: Pushed
ca3b9b93ed68: Pushed
87c60c9e95ca: Pushed
45b075872e95: Pushed
20261007T190805Z: digest: sha256:d38ae390a4f751d30c24e9342abc06a96fd7e810064c74629a4cc4bef8a6f8d7 size: 4240
The push refers to repository [docker.io/striiiiiing/workflowweave-backend]
850f61926bdf: Waiting
a79dc39d8ecf: Waiting
047038090d57: Waiting
45b075872e95: Waiting
3a81060bcd06: Waiting
87c60c9e95ca: Waiting
fcaec97a43e8: Waiting
ca3b9b93ed68: Waiting
4b3e845476d7: Waiting
f9d2fb07d6f0: Waiting
0c5ce378e7c0: Waiting
496775a39489: Waiting
86a9e13e035d: Waiting
9cc4458faeb2: Waiting
737e22ab13fe: Waiting
e9ab7e4f502c: Waiting
4f4fb700ef54: Waiting
4b9e9a02fe38: Waiting
6e0ba8ba0487: Waiting
7fd1ebe418b5: Waiting
6e0ba8ba0487: Waiting
7fd1ebe418b5: Waiting
850f61926bdf: Waiting
a79dc39d8ecf: Waiting
047038090d57: Waiting
45b075872e95: Waiting
3a81060bcd06: Waiting
87c60c9e95ca: Waiting
fcaec97a43e8: Waiting
ca3b9b93ed68: Waiting
4b3e845476d7: Waiting
f9d2fb07d6f0: Waiting
0c5ce378e7c0: Waiting
496775a39489: Waiting
86a9e13e035d: Waiting
9cc4458faeb2: Waiting
737e22ab13fe: Waiting
e9ab7e4f502c: Waiting
4f4fb700ef54: Waiting
4b9e9a02fe38: Waiting
86a9e13e035d: Waiting
9cc4458faeb2: Waiting
737e22ab13fe: Waiting
e9ab7e4f502c: Waiting
4f4fb700ef54: Waiting
4b9e9a02fe38: Waiting
6e0ba8ba0487: Waiting
7fd1ebe418b5: Waiting
850f61926bdf: Waiting
a79dc39d8ecf: Waiting
047038090d57: Waiting
45b075872e95: Waiting
3a81060bcd06: Waiting
87c60c9e95ca: Waiting
fcaec97a43e8: Waiting
ca3b9b93ed68: Waiting
4b3e845476d7: Waiting
f9d2fb07d6f0: Waiting
0c5ce378e7c0: Waiting
496775a39489: Waiting
f9d2fb07d6f0: Waiting
0c5ce378e7c0: Waiting
496775a39489: Waiting
86a9e13e035d: Waiting
9cc4458faeb2: Waiting
737e22ab13fe: Waiting
e9ab7e4f502c: Waiting
4f4fb700ef54: Waiting
4b9e9a02fe38: Waiting
6e0ba8ba0487: Waiting
7fd1ebe418b5: Waiting
850f61926bdf: Waiting
a79dc39d8ecf: Waiting
047038090d57: Waiting
45b075872e95: Waiting
3a81060bcd06: Waiting
87c60c9e95ca: Waiting
fcaec97a43e8: Waiting
ca3b9b93ed68: Waiting
4b3e845476d7: Waiting
9cc4458faeb2: Waiting
737e22ab13fe: Waiting
e9ab7e4f502c: Waiting
4f4fb700ef54: Waiting
4b9e9a02fe38: Waiting
6e0ba8ba0487: Waiting
7fd1ebe418b5: Waiting
850f61926bdf: Waiting
a79dc39d8ecf: Waiting
047038090d57: Waiting
45b075872e95: Waiting
3a81060bcd06: Waiting
87c60c9e95ca: Waiting
fcaec97a43e8: Waiting
ca3b9b93ed68: Waiting
4b3e845476d7: Waiting
f9d2fb07d6f0: Waiting
0c5ce378e7c0: Waiting
496775a39489: Waiting
86a9e13e035d: Waiting
4f4fb700ef54: Waiting
4b9e9a02fe38: Waiting
6e0ba8ba0487: Waiting
7fd1ebe418b5: Waiting
850f61926bdf: Waiting
a79dc39d8ecf: Waiting
047038090d57: Waiting
45b075872e95: Waiting
3a81060bcd06: Waiting
87c60c9e95ca: Waiting
fcaec97a43e8: Waiting
ca3b9b93ed68: Waiting
4b3e845476d7: Waiting
f9d2fb07d6f0: Waiting
0c5ce378e7c0: Waiting
496775a39489: Waiting
86a9e13e035d: Waiting
9cc4458faeb2: Waiting
737e22ab13fe: Waiting
e9ab7e4f502c: Waiting
86a9e13e035d: Waiting
9cc4458faeb2: Waiting
737e22ab13fe: Waiting
e9ab7e4f502c: Waiting
4f4fb700ef54: Waiting
4b9e9a02fe38: Waiting
6e0ba8ba0487: Waiting
7fd1ebe418b5: Waiting
850f61926bdf: Waiting
a79dc39d8ecf: Waiting
047038090d57: Waiting
45b075872e95: Waiting
3a81060bcd06: Waiting
87c60c9e95ca: Waiting
fcaec97a43e8: Waiting
ca3b9b93ed68: Waiting
4b3e845476d7: Waiting
f9d2fb07d6f0: Waiting
0c5ce378e7c0: Waiting
496775a39489: Waiting
e9ab7e4f502c: Waiting
4f4fb700ef54: Waiting
4b9e9a02fe38: Waiting
6e0ba8ba0487: Waiting
7fd1ebe418b5: Waiting
850f61926bdf: Waiting
a79dc39d8ecf: Waiting
047038090d57: Waiting
45b075872e95: Waiting
3a81060bcd06: Waiting
87c60c9e95ca: Waiting
fcaec97a43e8: Waiting
ca3b9b93ed68: Waiting
4b3e845476d7: Waiting
f9d2fb07d6f0: Waiting
0c5ce378e7c0: Waiting
496775a39489: Waiting
86a9e13e035d: Waiting
9cc4458faeb2: Waiting
737e22ab13fe: Waiting
86a9e13e035d: Waiting
9cc4458faeb2: Waiting
737e22ab13fe: Waiting
e9ab7e4f502c: Waiting
4f4fb700ef54: Waiting
4b9e9a02fe38: Waiting
6e0ba8ba0487: Waiting
7fd1ebe418b5: Waiting
850f61926bdf: Waiting
a79dc39d8ecf: Waiting
047038090d57: Waiting
45b075872e95: Waiting
3a81060bcd06: Waiting
87c60c9e95ca: Waiting
fcaec97a43e8: Waiting
ca3b9b93ed68: Waiting
4b3e845476d7: Waiting
f9d2fb07d6f0: Waiting
0c5ce378e7c0: Waiting
496775a39489: Waiting
850f61926bdf: Waiting
a79dc39d8ecf: Waiting
047038090d57: Waiting
45b075872e95: Waiting
3a81060bcd06: Waiting
87c60c9e95ca: Waiting
fcaec97a43e8: Waiting
ca3b9b93ed68: Waiting
4b3e845476d7: Waiting
f9d2fb07d6f0: Waiting
0c5ce378e7c0: Waiting
496775a39489: Waiting
86a9e13e035d: Waiting
9cc4458faeb2: Waiting
737e22ab13fe: Waiting
e9ab7e4f502c: Waiting
4f4fb700ef54: Waiting
4b9e9a02fe38: Waiting
6e0ba8ba0487: Waiting
7fd1ebe418b5: Waiting
047038090d57: Waiting
45b075872e95: Waiting
3a81060bcd06: Waiting
87c60c9e95ca: Waiting
fcaec97a43e8: Waiting
ca3b9b93ed68: Waiting
4b3e845476d7: Waiting
f9d2fb07d6f0: Waiting
0c5ce378e7c0: Waiting
496775a39489: Waiting
86a9e13e035d: Waiting
9cc4458faeb2: Waiting
737e22ab13fe: Waiting
e9ab7e4f502c: Waiting
4f4fb700ef54: Waiting
4b9e9a02fe38: Waiting
6e0ba8ba0487: Waiting
7fd1ebe418b5: Waiting
850f61926bdf: Waiting
a79dc39d8ecf: Waiting
4f4fb700ef54: Waiting
4b9e9a02fe38: Waiting
6e0ba8ba0487: Waiting
7fd1ebe418b5: Waiting
850f61926bdf: Waiting
a79dc39d8ecf: Waiting
047038090d57: Waiting
45b075872e95: Waiting
3a81060bcd06: Waiting
87c60c9e95ca: Waiting
fcaec97a43e8: Waiting
ca3b9b93ed68: Waiting
4b3e845476d7: Waiting
f9d2fb07d6f0: Waiting
0c5ce378e7c0: Waiting
496775a39489: Waiting
86a9e13e035d: Waiting
9cc4458faeb2: Waiting
737e22ab13fe: Waiting
e9ab7e4f502c: Waiting
7fd1ebe418b5: Waiting
850f61926bdf: Waiting
a79dc39d8ecf: Waiting
047038090d57: Waiting
45b075872e95: Waiting
3a81060bcd06: Waiting
87c60c9e95ca: Waiting
fcaec97a43e8: Waiting
ca3b9b93ed68: Waiting
4b3e845476d7: Waiting
f9d2fb07d6f0: Waiting
0c5ce378e7c0: Waiting
496775a39489: Waiting
86a9e13e035d: Waiting
9cc4458faeb2: Waiting
737e22ab13fe: Waiting
e9ab7e4f502c: Waiting
4f4fb700ef54: Waiting
4b9e9a02fe38: Waiting
6e0ba8ba0487: Waiting
86a9e13e035d: Waiting
9cc4458faeb2: Waiting
737e22ab13fe: Waiting
e9ab7e4f502c: Waiting
4f4fb700ef54: Waiting
4b9e9a02fe38: Waiting
6e0ba8ba0487: Waiting
7fd1ebe418b5: Waiting
850f61926bdf: Waiting
a79dc39d8ecf: Waiting
047038090d57: Waiting
45b075872e95: Waiting
3a81060bcd06: Waiting
87c60c9e95ca: Waiting
fcaec97a43e8: Waiting
ca3b9b93ed68: Waiting
4b3e845476d7: Waiting
f9d2fb07d6f0: Waiting
0c5ce378e7c0: Waiting
496775a39489: Waiting
4f4fb700ef54: Waiting
4b9e9a02fe38: Waiting
6e0ba8ba0487: Waiting
7fd1ebe418b5: Waiting
850f61926bdf: Layer already exists
a79dc39d8ecf: Waiting
047038090d57: Waiting
45b075872e95: Waiting
3a81060bcd06: Waiting
87c60c9e95ca: Waiting
fcaec97a43e8: Waiting
ca3b9b93ed68: Waiting
4b3e845476d7: Waiting
f9d2fb07d6f0: Waiting
0c5ce378e7c0: Waiting
496775a39489: Waiting
86a9e13e035d: Waiting
9cc4458faeb2: Layer already exists
737e22ab13fe: Waiting
e9ab7e4f502c: Waiting
a79dc39d8ecf: Waiting
047038090d57: Waiting
45b075872e95: Waiting
3a81060bcd06: Waiting
87c60c9e95ca: Waiting
fcaec97a43e8: Waiting
ca3b9b93ed68: Waiting
4b3e845476d7: Waiting
f9d2fb07d6f0: Waiting
0c5ce378e7c0: Waiting
496775a39489: Waiting
86a9e13e035d: Waiting
737e22ab13fe: Waiting
e9ab7e4f502c: Waiting
4f4fb700ef54: Waiting
4b9e9a02fe38: Waiting
6e0ba8ba0487: Waiting
7fd1ebe418b5: Waiting
ca3b9b93ed68: Waiting
4b3e845476d7: Waiting
f9d2fb07d6f0: Waiting
0c5ce378e7c0: Waiting
496775a39489: Waiting
86a9e13e035d: Waiting
737e22ab13fe: Waiting
e9ab7e4f502c: Waiting
4f4fb700ef54: Waiting
4b9e9a02fe38: Waiting
6e0ba8ba0487: Waiting
7fd1ebe418b5: Waiting
a79dc39d8ecf: Waiting
047038090d57: Waiting
45b075872e95: Waiting
3a81060bcd06: Waiting
87c60c9e95ca: Waiting
fcaec97a43e8: Waiting
4f4fb700ef54: Waiting
4b9e9a02fe38: Waiting
6e0ba8ba0487: Waiting
7fd1ebe418b5: Waiting
a79dc39d8ecf: Waiting
047038090d57: Waiting
45b075872e95: Waiting
3a81060bcd06: Waiting
87c60c9e95ca: Waiting
fcaec97a43e8: Waiting
ca3b9b93ed68: Waiting
4b3e845476d7: Waiting
f9d2fb07d6f0: Waiting
0c5ce378e7c0: Layer already exists
496775a39489: Waiting
86a9e13e035d: Layer already exists
737e22ab13fe: Waiting
e9ab7e4f502c: Waiting
496775a39489: Waiting
737e22ab13fe: Waiting
e9ab7e4f502c: Waiting
4f4fb700ef54: Waiting
4b9e9a02fe38: Waiting
6e0ba8ba0487: Waiting
7fd1ebe418b5: Waiting
a79dc39d8ecf: Waiting
047038090d57: Waiting
45b075872e95: Waiting
3a81060bcd06: Waiting
87c60c9e95ca: Waiting
fcaec97a43e8: Waiting
ca3b9b93ed68: Waiting
4b3e845476d7: Waiting
f9d2fb07d6f0: Waiting
f9d2fb07d6f0: Layer already exists
496775a39489: Layer already exists
737e22ab13fe: Layer already exists
e9ab7e4f502c: Layer already exists
4f4fb700ef54: Layer already exists
4b9e9a02fe38: Layer already exists
6e0ba8ba0487: Layer already exists
7fd1ebe418b5: Layer already exists
a79dc39d8ecf: Layer already exists
047038090d57: Layer already exists
45b075872e95: Layer already exists
3a81060bcd06: Layer already exists
87c60c9e95ca: Layer already exists
fcaec97a43e8: Layer already exists
ca3b9b93ed68: Layer already exists
4b3e845476d7: Layer already exists
latest: digest: sha256:d38ae390a4f751d30c24e9342abc06a96fd7e810064c74629a4cc4bef8a6f8d7 size: 4240
