{
  "mode": "native-backend",
  "date_utc": "2026-10-07T19:46:57Z",
  "startup_seconds": [
    14.093355787998007,
    5.183437408999453,
    4.939693999000156
  ],
  "runtime_versions": {
    "python": "Python 3.12.15",
    "docker": "Docker version 29.1.3, build 29.1.3-0ubuntu3~22.04.2",
    "kernel": "5.15.0-177-generic",
    "swap": "total        used        free      shared  buff/cache   available\nMem:      1687068672   700067840   209125376     2727936   777875456   784252928\nSwap:              0           0           0"
  },
  "idle": {
    "duration_seconds": 60.10581849599839,
    "cpu_mean_one_core_percent": 0.12085312264314574,
    "cpu_peak_one_core_percent": 0.22966641277891328,
    "rss_mean_mib": 169.21484375,
    "rss_peak_mib": 169.21484375,
    "working_set_mean_mib": 141.02734375,
    "working_set_peak_mib": 141.02734375,
    "host_available_min_mib": 594.09765625
  },
  "load": {
    "duration_seconds": 60.133899829001166,
    "cpu_mean_one_core_percent": 45.82390336861247,
    "cpu_peak_one_core_percent": 52.22659103071562,
    "rss_mean_mib": 175.1297387295082,
    "rss_peak_mib": 338.9609375,
    "working_set_mean_mib": 141.59970543032787,
    "working_set_peak_mib": 141.953125,
    "host_available_min_mib": 603.90625,
    "successful_requests": 4190,
    "failures": [],
    "latency_p50_ms": 6.9657684998674085,
    "latency_p95_ms": 9.2408210002759
  },
  "infrastructure_processes": "PID   RSS COMMAND\n    809 36372 containerd\n   1135 304432 dockerd"
}
