#0 building with "default" instance using docker driver

#1 [internal] load build definition from Dockerfile.benchmark
#1 transferring dockerfile:
#1 transferring dockerfile: 2.72kB done
#1 DONE 0.1s

#2 [internal] load metadata for docker.m.daocloud.io/library/node:24.15.0-bookworm-slim
#2 DONE 0.1s

#3 [internal] load metadata for docker.m.daocloud.io/library/nginx:1.28-alpine
#3 DONE 0.1s

#4 [node 1/1] FROM docker.m.daocloud.io/library/node:24.15.0-bookworm-slim@sha256:4e6b70dd6cbfc88c8157ba19aa3d9f9cce6ba4703576d55459e45efcbc9c5f5d
#4 resolve docker.m.daocloud.io/library/node:24.15.0-bookworm-slim@sha256:4e6b70dd6cbfc88c8157ba19aa3d9f9cce6ba4703576d55459e45efcbc9c5f5d 0.1s done
#4 DONE 0.5s

#5 [internal] load .dockerignore
#5 transferring context: 318B done
#5 DONE 0.0s

#6 [internal] load build context
#6 ...

#7 [frontend-build 1/5] WORKDIR /frontend
#7 DONE 0.1s

#8 [frontend 1/3] FROM docker.m.daocloud.io/library/nginx:1.28-alpine@sha256:a8b39bd9cf0f83869a2162827a0caf6137ddf759d50a171451b335cecc87d236
#8 resolve docker.m.daocloud.io/library/nginx:1.28-alpine@sha256:a8b39bd9cf0f83869a2162827a0caf6137ddf759d50a171451b335cecc87d236 0.1s done
#8 DONE 0.1s

#6 [internal] load build context
#6 ...

#8 [frontend 1/3] FROM docker.m.daocloud.io/library/nginx:1.28-alpine@sha256:a8b39bd9cf0f83869a2162827a0caf6137ddf759d50a171451b335cecc87d236
#8 DONE 0.6s

#6 [internal] load build context
#6 transferring context: 11.63MB 1.2s done
#6 DONE 1.2s

#9 [frontend 2/3] COPY deploy/docker/nginx.conf /etc/nginx/conf.d/default.conf
#9 DONE 0.2s

#10 [frontend-build 2/5] COPY frontend/package*.json ./
#10 DONE 0.2s

#11 [frontend-build 3/5] RUN npm config set registry https://registry.npmmirror.com && npm ci --no-audit --no-fund
#11 7.861 npm warn deprecated whatwg-encoding@3.1.1: Use @exodus/bytes instead for a more spec-conformant and faster implementation
#11 35.23 
#11 35.23 added 332 packages in 33s
#11 DONE 35.8s

#12 [frontend-build 4/5] COPY frontend/ ./
#12 DONE 0.5s

#13 [frontend-build 5/5] RUN npm run build
#13 0.751 
#13 0.751 > workflowweave-frontend@0.1.0 build
#13 0.751 > vue-tsc && vite build
#13 0.751 
#13 31.00 vite v6.4.3 building for production...
#13 32.54 transforming...
#13 50.22 node_modules/zod/v4/core/util.js (400:0): A comment
#13 50.22 
#13 50.22 "// Wrapped in a `@__PURE__` IIFE: esbuild never tree-shakes a top-level initializer that contains a member access on `Number`, so the bare object literal survived into every bundle."
#13 50.22 
#13 50.22 in "node_modules/zod/v4/core/util.js" contains an annotation that Rollup cannot interpret due to the position of the comment. The comment will be removed to avoid issues.
#13 50.23 node_modules/zod/v4/core/regexes.js (74:0): A comment
#13 50.23 
#13 50.23 "/** Anchors a pattern source. The interpolation lives here rather than at the call site because
#13 50.23  * esbuild will not drop a `@__PURE__` call whose own argument interpolates a variable, but it
#13 50.23  * will drop `anchor(dateSource)`. Keeping it inline pinned `date` into every bundle. */"
#13 50.23 
#13 50.23 in "node_modules/zod/v4/core/regexes.js" contains an annotation that Rollup cannot interpret due to the position of the comment. The comment will be removed to avoid issues.
#13 66.03 ✓ 4220 modules transformed.
