{
  "mode": "docker-backend",
  "date_utc": "2026-10-07T18:34:47Z",
  "startup_seconds": [
    22.208318838000196,
    17.847286310001437,
    16.959753332999753
  ],
  "runtime_versions": {
    "python": "Python 3.12.15 (published image)",
    "docker": "Docker version 29.1.3, build 29.1.3-0ubuntu3~22.04.2",
    "kernel": "5.15.0-177-generic",
    "swap": "total        used        free      shared  buff/cache   available\nMem:      1687068672   720199680    97796096     2719744   869072896   817668096\nSwap:              0           0           0"
  },
  "idle": {
    "duration_seconds": 60.12731495200023,
    "cpu_mean_one_core_percent": 3.41350618141215,
    "cpu_peak_one_core_percent": 32.29323751503831,
    "rss_mean_mib": 187.7188780737705,
    "rss_peak_mib": 203.0546875,
    "working_set_mean_mib": 169.09733606557376,
    "working_set_peak_mib": 178.09375,
    "host_available_min_mib": 558.69140625
  },
  "load": {
    "duration_seconds": 60.149289943999975,
    "cpu_mean_one_core_percent": 58.774317339920565,
    "cpu_peak_one_core_percent": 101.66497609539431,
    "rss_mean_mib": 188.16899334016392,
    "rss_peak_mib": 212.078125,
    "working_set_mean_mib": 169.9016393442623,
    "working_set_peak_mib": 182.25390625,
    "host_available_min_mib": 613.98046875,
    "successful_requests": 3778,
    "failures": [],
    "latency_p50_ms": 10.248794999824895,
    "latency_p95_ms": 30.815176000032807
  },
  "infrastructure_processes": "PID   RSS COMMAND\n    809 38156 containerd\n   1135 264992 dockerd\n  14110 10256 containerd-shim"
}
